// Jest Snapshot v1, https://goo.gl/fbAQLP

exports[`test button render 1`] = `
<button
  className="orange-button"
  id={null}
  onClick={[Function]}
  type="button"
>
  รท
</button>
`;
