// Jest Snapshot v1, https://goo.gl/fbAQLP

exports[`test navbar render 1`] = `
<nav
  className="maths-navbar"
>
  <a
    aria-current="page"
    className="active"
    href="/"
    onClick={[Function]}
  >
    Home
  </a>
  <a
    className=""
    href="/calculator"
    onClick={[Function]}
  >
    Calculator
  </a>
  <a
    className=""
    href="/quotes"
    onClick={[Function]}
  >
    Quote
  </a>
</nav>
`;
