// Jest Snapshot v1, https://goo.gl/fbAQLP

exports[`test Screen render 1`] = `
<p
  id="bottom-value"
>
  0
</p>
`;
